// Jest Snapshot v1, https://goo.gl/fbAQLP

exports[`./__tests__/giji/basic.dagre snapshot 1`] = `"<article data-server-rendered=\\"true\\" data-v-42a55e88><svg viewBox=\\"0 0 1516 533.5\\" style=\\"max-width:100%;width:1516px;\\" data-v-42a55e88><marker id=\\"svg-marker-circle\\" viewBox=\\"0 0 10 10\\" markerUnits=\\"userSpaceOnUse\\" markerWidth=\\"20\\" markerHeight=\\"20\\" refX=\\"5\\" refY=\\"5\\" orient=\\"auto\\" class=\\"edgePath\\" data-v-42a55e88><circle cx=\\"5\\" cy=\\"5\\" r=\\"4\\" data-v-42a55e88></circle></marker><marker id=\\"svg-marker-arrow-start\\" viewBox=\\"0 0 10 10\\" markerUnits=\\"userSpaceOnUse\\" markerWidth=\\"20\\" markerHeight=\\"20\\" refX=\\"3\\" refY=\\"5\\" orient=\\"auto\\" class=\\"edgePath\\" data-v-42a55e88><path d=\\"M10,0 L0,5 L10,10 z\\" class=\\"path\\" data-v-42a55e88></path></marker><marker id=\\"svg-marker-arrow-end\\" viewBox=\\"0 0 10 10\\" markerUnits=\\"userSpaceOnUse\\" markerWidth=\\"20\\" markerHeight=\\"20\\" refX=\\"3\\" refY=\\"5\\" orient=\\"auto\\" class=\\"edgePath\\" data-v-42a55e88><path d=\\"M0,0 L10,5 L0,10 z\\" class=\\"path\\" data-v-42a55e88></path></marker><marker id=\\"svg-marker-cross\\" viewBox=\\"0 0 10 10\\" markerUnits=\\"userSpaceOnUse\\" markerWidth=\\"20\\" markerHeight=\\"20\\" refX=\\"5\\" refY=\\"5\\" orient=\\"0\\" class=\\"edgePath\\" data-v-42a55e88><path d=\\"M0,0 L10,10 M0,10 L10,0 z\\" class=\\"path\\" data-v-42a55e88></path></marker><span tag=\\"g\\" name=\\"nodes\\" data-v-42a55e88><rect rx=\\"10\\" ry=\\"10\\" x=\\"1378\\" y=\\"45.5\\" width=\\"100\\" height=\\"100\\" data-v-42a55e88></rect><rect rx=\\"10\\" ry=\\"10\\" x=\\"1103\\" y=\\"3\\" width=\\"100\\" height=\\"100\\" data-v-42a55e88></rect><rect rx=\\"10\\" ry=\\"10\\" x=\\"828\\" y=\\"3\\" width=\\"100\\" height=\\"100\\" data-v-42a55e88></rect><rect rx=\\"10\\" ry=\\"10\\" x=\\"553\\" y=\\"3\\" width=\\"100\\" height=\\"100\\" data-v-42a55e88></rect><rect rx=\\"10\\" ry=\\"10\\" x=\\"278\\" y=\\"3\\" width=\\"100\\" height=\\"100\\" data-v-42a55e88></rect><rect rx=\\"10\\" ry=\\"10\\" x=\\"3\\" y=\\"45.5\\" width=\\"100\\" height=\\"100\\" data-v-42a55e88></rect><rect rx=\\"10\\" ry=\\"10\\" x=\\"3\\" y=\\"185.5\\" width=\\"100\\" height=\\"100\\" data-v-42a55e88></rect><rect rx=\\"10\\" ry=\\"10\\" x=\\"3\\" y=\\"325.5\\" width=\\"100\\" height=\\"100\\" data-v-42a55e88></rect></span><span tag=\\"g\\" name=\\"edges\\" class=\\"edgePath\\" data-v-42a55e88><path fill=\\"none\\" minlen=\\"1\\" weight=\\"0\\" label=\\"tetris\\" labelpos=\\"c\\" width=\\"170\\" height=\\"30\\" rx=\\"5\\" ry=\\"5\\" x=\\"1428\\" y=\\"165.5\\" d=\\"M1467.4736842105262,145.5L1478,158.83333333333334L1478,162.16666666666669L1428,165.5L1378,162.16666666666669L1378,158.83333333333334L1388.5263157894738,145.5\\" class=\\"path hide\\" data-v-42a55e88></path><path fill=\\"none\\" minlen=\\"1\\" weight=\\"0\\" label=\\"tetris\\" labelpos=\\"c\\" width=\\"170\\" height=\\"30\\" rx=\\"5\\" ry=\\"5\\" x=\\"1153\\" y=\\"123\\" d=\\"M1192.4736842105262,103L1203,116.33333333333334L1203,119.66666666666667L1153,123L1103,119.66666666666667L1103,116.33333333333334L1113.5263157894738,103\\" class=\\"path hide\\" data-v-42a55e88></path><path fill=\\"none\\" minlen=\\"1\\" weight=\\"0\\" label=\\"tetris\\" labelpos=\\"c\\" width=\\"170\\" height=\\"30\\" rx=\\"5\\" ry=\\"5\\" x=\\"878\\" y=\\"123\\" d=\\"M917.4736842105264,103L928,116.33333333333334L928,119.66666666666667L878,123L828,119.66666666666667L828,116.33333333333334L838.5263157894736,103\\" class=\\"path hide\\" data-v-42a55e88></path><path fill=\\"none\\" minlen=\\"1\\" weight=\\"0\\" label=\\"tetris\\" labelpos=\\"c\\" width=\\"170\\" height=\\"30\\" rx=\\"5\\" ry=\\"5\\" x=\\"603\\" y=\\"123\\" d=\\"M642.4736842105264,103L653,116.33333333333334L653,119.66666666666667L603,123L553,119.66666666666667L553,116.33333333333334L563.5263157894736,103\\" class=\\"path hide\\" data-v-42a55e88></path><path fill=\\"none\\" minlen=\\"1\\" weight=\\"0\\" label=\\"others\\" labelpos=\\"c\\" width=\\"170\\" height=\\"30\\" rx=\\"5\\" ry=\\"5\\" x=\\"328\\" y=\\"123\\" d=\\"M367.4736842105263,103L378,116.33333333333334L378,119.66666666666667L328,123L278,119.66666666666667L278,116.33333333333334L288.5263157894737,103\\" class=\\"path hide\\" data-v-42a55e88></path><path fill=\\"none\\" minlen=\\"1\\" weight=\\"0\\" label=\\"others\\" labelpos=\\"c\\" width=\\"170\\" height=\\"30\\" rx=\\"5\\" ry=\\"5\\" x=\\"53\\" y=\\"165.5\\" d=\\"M92.4736842105263,145.5L103,158.83333333333334L103,162.16666666666669L53,165.5L3,162.16666666666669L3,158.83333333333334L13.526315789473692,145.5\\" class=\\"path hide\\" data-v-42a55e88></path><path fill=\\"none\\" minlen=\\"1\\" weight=\\"0\\" label=\\"others\\" labelpos=\\"c\\" width=\\"170\\" height=\\"30\\" rx=\\"5\\" ry=\\"5\\" x=\\"53\\" y=\\"305.5\\" d=\\"M92.4736842105263,285.5L103,298.83333333333337L103,302.16666666666663L53,305.5L3,302.16666666666663L3,298.83333333333337L13.526315789473706,285.5\\" class=\\"path hide\\" data-v-42a55e88></path><path fill=\\"none\\" minlen=\\"1\\" weight=\\"0\\" label=\\"others\\" labelpos=\\"c\\" width=\\"170\\" height=\\"30\\" rx=\\"5\\" ry=\\"5\\" x=\\"53\\" y=\\"445.5\\" d=\\"M92.47368421052633,425.5L103,438.8333333333333L103,442.1666666666667L53,445.5L3,442.1666666666667L3,438.8333333333333L13.52631578947367,425.5\\" class=\\"path hide\\" data-v-42a55e88></path><path fill=\\"none\\" marker-end=\\"url(#svg-marker-arrow-end)\\" minlen=\\"1\\" weight=\\"2\\" label=\\"   \\" labelpos=\\"c\\" width=\\"95\\" height=\\"30\\" rx=\\"5\\" ry=\\"5\\" x=\\"1290.5\\" y=\\"53\\" d=\\"M1378,80.04545454545455L1290.5,53L1203,53\\" class=\\"path solid\\" data-v-42a55e88></path><path fill=\\"none\\" marker-end=\\"url(#svg-marker-arrow-end)\\" minlen=\\"1\\" weight=\\"2\\" label=\\"   \\" labelpos=\\"c\\" width=\\"95\\" height=\\"30\\" rx=\\"5\\" ry=\\"5\\" x=\\"1015.5\\" y=\\"53\\" d=\\"M1103,53L1015.5,53L928,53\\" class=\\"path solid\\" data-v-42a55e88></path><path fill=\\"none\\" marker-end=\\"url(#svg-marker-circle)\\" minlen=\\"1\\" weight=\\"2\\" label=\\"   \\" labelpos=\\"c\\" width=\\"95\\" height=\\"30\\" rx=\\"5\\" ry=\\"5\\" x=\\"740.5\\" y=\\"53\\" d=\\"M828,53L740.5,53L653,53\\" class=\\"path solid\\" data-v-42a55e88></path><path fill=\\"none\\" marker-end=\\"url(#svg-marker-cross)\\" minlen=\\"1\\" weight=\\"2\\" label=\\"   \\" labelpos=\\"c\\" width=\\"95\\" height=\\"30\\" rx=\\"5\\" ry=\\"5\\" x=\\"465.5\\" y=\\"53\\" d=\\"M553,53L465.5,53L378,53\\" class=\\"path solid\\" data-v-42a55e88></path><path fill=\\"none\\" marker-end=\\"url(#svg-marker-cross)\\" minlen=\\"1\\" weight=\\"2\\" label=\\"   \\" labelpos=\\"c\\" width=\\"95\\" height=\\"30\\" rx=\\"5\\" ry=\\"5\\" x=\\"190.5\\" y=\\"53\\" d=\\"M278,53L190.5,53L103,80.04545454545455\\" class=\\"path solid\\" data-v-42a55e88></path><path fill=\\"none\\" minlen=\\"1\\" weight=\\"2\\" label=\\"   \\" labelpos=\\"c\\" width=\\"95\\" height=\\"30\\" rx=\\"5\\" ry=\\"5\\" x=\\"740.5\\" y=\\"138\\" d=\\"M103,110.95454545454545L190.5,138L328,138L465.5,138L603,138L740.5,138L878,138L1015.5,138L1153,138L1290.5,138L1378,110.95454545454545\\" class=\\"path solid\\" data-v-42a55e88></path><rect minlen=\\"1\\" weight=\\"0\\" label=\\"tetris\\" labelpos=\\"c\\" width=\\"150\\" height=\\"30\\" rx=\\"5\\" ry=\\"5\\" x=\\"1353\\" y=\\"144.5\\" class=\\"path hide\\" data-v-42a55e88></rect><rect minlen=\\"1\\" weight=\\"0\\" label=\\"tetris\\" labelpos=\\"c\\" width=\\"150\\" height=\\"30\\" rx=\\"5\\" ry=\\"5\\" x=\\"1078\\" y=\\"102\\" class=\\"path hide\\" data-v-42a55e88></rect><rect minlen=\\"1\\" weight=\\"0\\" label=\\"tetris\\" labelpos=\\"c\\" width=\\"150\\" height=\\"30\\" rx=\\"5\\" ry=\\"5\\" x=\\"803\\" y=\\"102\\" class=\\"path hide\\" data-v-42a55e88></rect><rect minlen=\\"1\\" weight=\\"0\\" label=\\"tetris\\" labelpos=\\"c\\" width=\\"150\\" height=\\"30\\" rx=\\"5\\" ry=\\"5\\" x=\\"528\\" y=\\"102\\" class=\\"path hide\\" data-v-42a55e88></rect><rect minlen=\\"1\\" weight=\\"0\\" label=\\"others\\" labelpos=\\"c\\" width=\\"150\\" height=\\"30\\" rx=\\"5\\" ry=\\"5\\" x=\\"253\\" y=\\"102\\" class=\\"path hide\\" data-v-42a55e88></rect><rect minlen=\\"1\\" weight=\\"0\\" label=\\"others\\" labelpos=\\"c\\" width=\\"150\\" height=\\"30\\" rx=\\"5\\" ry=\\"5\\" x=\\"-22\\" y=\\"144.5\\" class=\\"path hide\\" data-v-42a55e88></rect><rect minlen=\\"1\\" weight=\\"0\\" label=\\"others\\" labelpos=\\"c\\" width=\\"150\\" height=\\"30\\" rx=\\"5\\" ry=\\"5\\" x=\\"-22\\" y=\\"284.5\\" class=\\"path hide\\" data-v-42a55e88></rect><rect minlen=\\"1\\" weight=\\"0\\" label=\\"others\\" labelpos=\\"c\\" width=\\"150\\" height=\\"30\\" rx=\\"5\\" ry=\\"5\\" x=\\"-22\\" y=\\"424.5\\" class=\\"path hide\\" data-v-42a55e88></rect><text minlen=\\"1\\" weight=\\"0\\" label=\\"tetris\\" labelpos=\\"c\\" width=\\"170\\" height=\\"30\\" rx=\\"5\\" ry=\\"5\\" x=\\"1428\\" y=\\"165.5\\" class=\\"messageText hide\\" data-v-42a55e88>tetris</text><text minlen=\\"1\\" weight=\\"0\\" label=\\"tetris\\" labelpos=\\"c\\" width=\\"170\\" height=\\"30\\" rx=\\"5\\" ry=\\"5\\" x=\\"1153\\" y=\\"123\\" class=\\"messageText hide\\" data-v-42a55e88>tetris</text><text minlen=\\"1\\" weight=\\"0\\" label=\\"tetris\\" labelpos=\\"c\\" width=\\"170\\" height=\\"30\\" rx=\\"5\\" ry=\\"5\\" x=\\"878\\" y=\\"123\\" class=\\"messageText hide\\" data-v-42a55e88>tetris</text><text minlen=\\"1\\" weight=\\"0\\" label=\\"tetris\\" labelpos=\\"c\\" width=\\"170\\" height=\\"30\\" rx=\\"5\\" ry=\\"5\\" x=\\"603\\" y=\\"123\\" class=\\"messageText hide\\" data-v-42a55e88>tetris</text><text minlen=\\"1\\" weight=\\"0\\" label=\\"others\\" labelpos=\\"c\\" width=\\"170\\" height=\\"30\\" rx=\\"5\\" ry=\\"5\\" x=\\"328\\" y=\\"123\\" class=\\"messageText hide\\" data-v-42a55e88>others</text><text minlen=\\"1\\" weight=\\"0\\" label=\\"others\\" labelpos=\\"c\\" width=\\"170\\" height=\\"30\\" rx=\\"5\\" ry=\\"5\\" x=\\"53\\" y=\\"165.5\\" class=\\"messageText hide\\" data-v-42a55e88>others</text><text minlen=\\"1\\" weight=\\"0\\" label=\\"others\\" labelpos=\\"c\\" width=\\"170\\" height=\\"30\\" rx=\\"5\\" ry=\\"5\\" x=\\"53\\" y=\\"305.5\\" class=\\"messageText hide\\" data-v-42a55e88>others</text><text minlen=\\"1\\" weight=\\"0\\" label=\\"others\\" labelpos=\\"c\\" width=\\"170\\" height=\\"30\\" rx=\\"5\\" ry=\\"5\\" x=\\"53\\" y=\\"445.5\\" class=\\"messageText hide\\" data-v-42a55e88>others</text><text marker-end=\\"url(#svg-marker-arrow-end)\\" minlen=\\"1\\" weight=\\"2\\" label=\\"   \\" labelpos=\\"c\\" width=\\"95\\" height=\\"30\\" rx=\\"5\\" ry=\\"5\\" x=\\"1290.5\\" y=\\"53\\" class=\\"messageText solid\\" data-v-42a55e88>   </text><text marker-end=\\"url(#svg-marker-arrow-end)\\" minlen=\\"1\\" weight=\\"2\\" label=\\"   \\" labelpos=\\"c\\" width=\\"95\\" height=\\"30\\" rx=\\"5\\" ry=\\"5\\" x=\\"1015.5\\" y=\\"53\\" class=\\"messageText solid\\" data-v-42a55e88>   </text><text marker-end=\\"url(#svg-marker-circle)\\" minlen=\\"1\\" weight=\\"2\\" label=\\"   \\" labelpos=\\"c\\" width=\\"95\\" height=\\"30\\" rx=\\"5\\" ry=\\"5\\" x=\\"740.5\\" y=\\"53\\" class=\\"messageText solid\\" data-v-42a55e88>   </text><text marker-end=\\"url(#svg-marker-cross)\\" minlen=\\"1\\" weight=\\"2\\" label=\\"   \\" labelpos=\\"c\\" width=\\"95\\" height=\\"30\\" rx=\\"5\\" ry=\\"5\\" x=\\"465.5\\" y=\\"53\\" class=\\"messageText solid\\" data-v-42a55e88>   </text><text marker-end=\\"url(#svg-marker-cross)\\" minlen=\\"1\\" weight=\\"2\\" label=\\"   \\" labelpos=\\"c\\" width=\\"95\\" height=\\"30\\" rx=\\"5\\" ry=\\"5\\" x=\\"190.5\\" y=\\"53\\" class=\\"messageText solid\\" data-v-42a55e88>   </text><text minlen=\\"1\\" weight=\\"2\\" label=\\"   \\" labelpos=\\"c\\" width=\\"95\\" height=\\"30\\" rx=\\"5\\" ry=\\"5\\" x=\\"740.5\\" y=\\"138\\" class=\\"messageText solid\\" data-v-42a55e88>   </text></span></svg><!----></article>"`;

exports[`./__tests__/giji/node_only.dagre snapshot 1`] = `"<article data-server-rendered=\\"true\\" data-v-42a55e88><svg viewBox=\\"0 0 106 876\\" style=\\"max-width:100%;width:106px;\\" data-v-42a55e88><marker id=\\"svg-marker-circle\\" viewBox=\\"0 0 10 10\\" markerUnits=\\"userSpaceOnUse\\" markerWidth=\\"20\\" markerHeight=\\"20\\" refX=\\"5\\" refY=\\"5\\" orient=\\"auto\\" class=\\"edgePath\\" data-v-42a55e88><circle cx=\\"5\\" cy=\\"5\\" r=\\"4\\" data-v-42a55e88></circle></marker><marker id=\\"svg-marker-arrow-start\\" viewBox=\\"0 0 10 10\\" markerUnits=\\"userSpaceOnUse\\" markerWidth=\\"20\\" markerHeight=\\"20\\" refX=\\"3\\" refY=\\"5\\" orient=\\"auto\\" class=\\"edgePath\\" data-v-42a55e88><path d=\\"M10,0 L0,5 L10,10 z\\" class=\\"path\\" data-v-42a55e88></path></marker><marker id=\\"svg-marker-arrow-end\\" viewBox=\\"0 0 10 10\\" markerUnits=\\"userSpaceOnUse\\" markerWidth=\\"20\\" markerHeight=\\"20\\" refX=\\"3\\" refY=\\"5\\" orient=\\"auto\\" class=\\"edgePath\\" data-v-42a55e88><path d=\\"M0,0 L10,5 L0,10 z\\" class=\\"path\\" data-v-42a55e88></path></marker><marker id=\\"svg-marker-cross\\" viewBox=\\"0 0 10 10\\" markerUnits=\\"userSpaceOnUse\\" markerWidth=\\"20\\" markerHeight=\\"20\\" refX=\\"5\\" refY=\\"5\\" orient=\\"0\\" class=\\"edgePath\\" data-v-42a55e88><path d=\\"M0,0 L10,10 M0,10 L10,0 z\\" class=\\"path\\" data-v-42a55e88></path></marker><span tag=\\"g\\" name=\\"nodes\\" data-v-42a55e88><rect rx=\\"10\\" ry=\\"10\\" x=\\"3\\" y=\\"3\\" width=\\"100\\" height=\\"100\\" data-v-42a55e88></rect><rect rx=\\"10\\" ry=\\"10\\" x=\\"3\\" y=\\"113\\" width=\\"100\\" height=\\"100\\" data-v-42a55e88></rect><rect rx=\\"10\\" ry=\\"10\\" x=\\"3\\" y=\\"223\\" width=\\"100\\" height=\\"100\\" data-v-42a55e88></rect><rect rx=\\"10\\" ry=\\"10\\" x=\\"3\\" y=\\"333\\" width=\\"100\\" height=\\"100\\" data-v-42a55e88></rect><rect rx=\\"10\\" ry=\\"10\\" x=\\"3\\" y=\\"443\\" width=\\"100\\" height=\\"100\\" data-v-42a55e88></rect><rect rx=\\"10\\" ry=\\"10\\" x=\\"3\\" y=\\"553\\" width=\\"100\\" height=\\"100\\" data-v-42a55e88></rect><rect rx=\\"10\\" ry=\\"10\\" x=\\"3\\" y=\\"663\\" width=\\"100\\" height=\\"100\\" data-v-42a55e88></rect><rect rx=\\"10\\" ry=\\"10\\" x=\\"3\\" y=\\"773\\" width=\\"100\\" height=\\"100\\" data-v-42a55e88></rect></span><span tag=\\"g\\" name=\\"edges\\" class=\\"edgePath\\" data-v-42a55e88></span></svg><!----></article>"`;

exports[`./__tests__/giji/relation_only.dagre snapshot 1`] = `"<article data-server-rendered=\\"true\\" data-v-42a55e88><svg viewBox=\\"0 0 1131 133.5\\" style=\\"max-width:100%;width:1131px;\\" data-v-42a55e88><marker id=\\"svg-marker-circle\\" viewBox=\\"0 0 10 10\\" markerUnits=\\"userSpaceOnUse\\" markerWidth=\\"20\\" markerHeight=\\"20\\" refX=\\"5\\" refY=\\"5\\" orient=\\"auto\\" class=\\"edgePath\\" data-v-42a55e88><circle cx=\\"5\\" cy=\\"5\\" r=\\"4\\" data-v-42a55e88></circle></marker><marker id=\\"svg-marker-arrow-start\\" viewBox=\\"0 0 10 10\\" markerUnits=\\"userSpaceOnUse\\" markerWidth=\\"20\\" markerHeight=\\"20\\" refX=\\"3\\" refY=\\"5\\" orient=\\"auto\\" class=\\"edgePath\\" data-v-42a55e88><path d=\\"M10,0 L0,5 L10,10 z\\" class=\\"path\\" data-v-42a55e88></path></marker><marker id=\\"svg-marker-arrow-end\\" viewBox=\\"0 0 10 10\\" markerUnits=\\"userSpaceOnUse\\" markerWidth=\\"20\\" markerHeight=\\"20\\" refX=\\"3\\" refY=\\"5\\" orient=\\"auto\\" class=\\"edgePath\\" data-v-42a55e88><path d=\\"M0,0 L10,5 L0,10 z\\" class=\\"path\\" data-v-42a55e88></path></marker><marker id=\\"svg-marker-cross\\" viewBox=\\"0 0 10 10\\" markerUnits=\\"userSpaceOnUse\\" markerWidth=\\"20\\" markerHeight=\\"20\\" refX=\\"5\\" refY=\\"5\\" orient=\\"0\\" class=\\"edgePath\\" data-v-42a55e88><path d=\\"M0,0 L10,10 M0,10 L10,0 z\\" class=\\"path\\" data-v-42a55e88></path></marker><span tag=\\"g\\" name=\\"nodes\\" data-v-42a55e88><rect rx=\\"10\\" ry=\\"10\\" x=\\"1028\\" y=\\"30.5\\" width=\\"100\\" height=\\"100\\" data-v-42a55e88></rect><rect rx=\\"10\\" ry=\\"10\\" x=\\"823\\" y=\\"3\\" width=\\"100\\" height=\\"100\\" data-v-42a55e88></rect><rect rx=\\"10\\" ry=\\"10\\" x=\\"618\\" y=\\"3\\" width=\\"100\\" height=\\"100\\" data-v-42a55e88></rect><rect rx=\\"10\\" ry=\\"10\\" x=\\"413\\" y=\\"3\\" width=\\"100\\" height=\\"100\\" data-v-42a55e88></rect><rect rx=\\"10\\" ry=\\"10\\" x=\\"208\\" y=\\"3\\" width=\\"100\\" height=\\"100\\" data-v-42a55e88></rect><rect rx=\\"10\\" ry=\\"10\\" x=\\"3\\" y=\\"30.5\\" width=\\"100\\" height=\\"100\\" data-v-42a55e88></rect></span><span tag=\\"g\\" name=\\"edges\\" class=\\"edgePath\\" data-v-42a55e88><path fill=\\"none\\" marker-end=\\"url(#svg-marker-arrow-end)\\" minlen=\\"1\\" weight=\\"2\\" label=\\"   \\" labelpos=\\"c\\" width=\\"95\\" height=\\"30\\" rx=\\"5\\" ry=\\"5\\" x=\\"975.5\\" y=\\"53\\" d=\\"M1028,67.08536585365854L975.5,53L923,53\\" class=\\"path solid\\" data-v-42a55e88></path><path fill=\\"none\\" marker-end=\\"url(#svg-marker-arrow-end)\\" minlen=\\"1\\" weight=\\"2\\" label=\\"   \\" labelpos=\\"c\\" width=\\"95\\" height=\\"30\\" rx=\\"5\\" ry=\\"5\\" x=\\"770.5\\" y=\\"53\\" d=\\"M823,53L770.5,53L718,53\\" class=\\"path solid\\" data-v-42a55e88></path><path fill=\\"none\\" marker-end=\\"url(#svg-marker-circle)\\" minlen=\\"1\\" weight=\\"2\\" label=\\"   \\" labelpos=\\"c\\" width=\\"95\\" height=\\"30\\" rx=\\"5\\" ry=\\"5\\" x=\\"565.5\\" y=\\"53\\" d=\\"M618,53L565.5,53L513,53\\" class=\\"path solid\\" data-v-42a55e88></path><path fill=\\"none\\" marker-end=\\"url(#svg-marker-cross)\\" minlen=\\"1\\" weight=\\"2\\" label=\\"   \\" labelpos=\\"c\\" width=\\"95\\" height=\\"30\\" rx=\\"5\\" ry=\\"5\\" x=\\"360.5\\" y=\\"53\\" d=\\"M413,53L360.5,53L308,53\\" class=\\"path solid\\" data-v-42a55e88></path><path fill=\\"none\\" marker-end=\\"url(#svg-marker-cross)\\" minlen=\\"1\\" weight=\\"2\\" label=\\"   \\" labelpos=\\"c\\" width=\\"95\\" height=\\"30\\" rx=\\"5\\" ry=\\"5\\" x=\\"155.5\\" y=\\"53\\" d=\\"M208,53L155.5,53L103,67.08536585365854\\" class=\\"path solid\\" data-v-42a55e88></path><path fill=\\"none\\" minlen=\\"1\\" weight=\\"2\\" label=\\"   \\" labelpos=\\"c\\" width=\\"95\\" height=\\"30\\" rx=\\"5\\" ry=\\"5\\" x=\\"565.5\\" y=\\"108\\" d=\\"M103,93.91463414634146L155.5,108L258,108L360.5,108L463,108L565.5,108L668,108L770.5,108L873,108L975.5,108L1028,93.91463414634146\\" class=\\"path solid\\" data-v-42a55e88></path><text marker-end=\\"url(#svg-marker-arrow-end)\\" minlen=\\"1\\" weight=\\"2\\" label=\\"   \\" labelpos=\\"c\\" width=\\"95\\" height=\\"30\\" rx=\\"5\\" ry=\\"5\\" x=\\"975.5\\" y=\\"53\\" class=\\"messageText solid\\" data-v-42a55e88>   </text><text marker-end=\\"url(#svg-marker-arrow-end)\\" minlen=\\"1\\" weight=\\"2\\" label=\\"   \\" labelpos=\\"c\\" width=\\"95\\" height=\\"30\\" rx=\\"5\\" ry=\\"5\\" x=\\"770.5\\" y=\\"53\\" class=\\"messageText solid\\" data-v-42a55e88>   </text><text marker-end=\\"url(#svg-marker-circle)\\" minlen=\\"1\\" weight=\\"2\\" label=\\"   \\" labelpos=\\"c\\" width=\\"95\\" height=\\"30\\" rx=\\"5\\" ry=\\"5\\" x=\\"565.5\\" y=\\"53\\" class=\\"messageText solid\\" data-v-42a55e88>   </text><text marker-end=\\"url(#svg-marker-cross)\\" minlen=\\"1\\" weight=\\"2\\" label=\\"   \\" labelpos=\\"c\\" width=\\"95\\" height=\\"30\\" rx=\\"5\\" ry=\\"5\\" x=\\"360.5\\" y=\\"53\\" class=\\"messageText solid\\" data-v-42a55e88>   </text><text marker-end=\\"url(#svg-marker-cross)\\" minlen=\\"1\\" weight=\\"2\\" label=\\"   \\" labelpos=\\"c\\" width=\\"95\\" height=\\"30\\" rx=\\"5\\" ry=\\"5\\" x=\\"155.5\\" y=\\"53\\" class=\\"messageText solid\\" data-v-42a55e88>   </text><text minlen=\\"1\\" weight=\\"2\\" label=\\"   \\" labelpos=\\"c\\" width=\\"95\\" height=\\"30\\" rx=\\"5\\" ry=\\"5\\" x=\\"565.5\\" y=\\"108\\" class=\\"messageText solid\\" data-v-42a55e88>   </text></span></svg><!----></article>"`;
